Loading weights:   0%|          | 0/311 [00:00<?, ?it/s]Loading weights: 100%|██████████| 311/311 [00:00<00:00, 11476.89it/s]
[A] 采样复读检查 ...
    8/30
    16/30
    24/30
    30/30
[B] itemic结构检查 ...
[transformers] The following generation flags are not valid and may be ignored: ['temperature', 'top_p', 'top_k']. Set `TRANSFORMERS_VERBOSITY=info` for more details.
    8/30
    16/30
    24/30
    30/30
[C] 选择题格式检查 ...
    8/8

============================================================
体检对象: /tmp/e3_userres_r80_retkl_v3_s875_merged
  A_采样复读崩溃率_仅诊断: 2/30 = 6.7%  (不参与FAIL)  [diagnostic]
  B_itemic结构断裂率: 0/60 = 0.0%  (阈值10%)  [ok]
  C_选择题格式存活率_仅诊断: 6/8 = 75.0%  (题面分布未标定，不参与FAIL)  [diagnostic]
  C_附带_占位符复读: 0/8 = 0.0%  (参考)
  C_附带_简单题答对: 4/8 = 50.0%  (参考)
------------------------------------------------------------
结论: ✅ PASS — 未触发 itemic 结构保险丝；本结果不判断是否值得上传

证据样本:
  [A复读] ...'_1320><s_b_5121><s_c_5134>", "<|prod_begin|><s_a_1320><s_b_5121><s_c_5134>", "<|prod_begin|><s_a_1320><s_b_5121><s_c_5134>", "<|prod_begin|><s_a_1320>'
  [A复读] ...'_1480><s_b_3930><s_c_4422>", "<|prod_begin|><s_a_1480><s_b_3930><s_c_4422>", "<|prod_begin|><s_a_1480><s_b_3930><s_c_4422>", "<|prod_begin|><s_a_1480>'
  [C格式丢失] ...'\n本题考查文学常识。《红楼梦》是清代小说家曹雪芹创作的长篇小说，属于'
  [C格式丢失] ...'\nD. 3000万'
